# load small graph
loaded graph small

# test to self
path from Ernst-the-Bicycling-Wizard to Ernst-the-Bicycling-Wizard:
total cost: 0.000