loaded graph graph
path from LexLeast to unconnected:
no path found