loaded graph graph
unknown character nonexistentChar